[    0.000000] Initializing cgroup subsys cpuset
[    0.000000] Initializing cgroup subsys cpu
[    0.000000] Initializing cgroup subsys cpuacct
[    0.000000] Linux version 4.4.0-142-generic (buildd@lcy01-amd64-022) (gcc version 5.4.0 20160609 (Ubuntu 5.4.0-6ubuntu1~16.04.10) ) #168-Ubuntu SMP Wed Jan 16 21:01:15 UTC 2019 (Ubuntu 4.4.0-142.168-generic 4.4.167)
[    0.000000] KERNEL supported cpus:
[    0.000000]   Intel GenuineIntel
[    0.000000]   AMD AuthenticAMD
[    0.000000]   NSC Geode by NSC
[    0.000000]   Cyrix CyrixInstead
[    0.000000]   Centaur CentaurHauls
[    0.000000]   Transmeta GenuineTMx86
[    0.000000]   Transmeta TransmetaCPU
[    0.000000]   UMC UMC UMC UMC
[    0.000000] x86/fpu: xstate_offset[2]:  576, xstate_sizes[2]:  256
[    0.000000] x86/fpu: Supporting XSAVE feature 0x01: 'x87 floating point registers'
[    0.000000] x86/fpu: Supporting XSAVE feature 0x02: 'SSE registers'
[    0.000000] x86/fpu: Supporting XSAVE feature 0x04: 'AVX registers'
[    0.000000] x86/fpu: Enabled xstate features 0x7, context size is 832 bytes, using 'standard' format.
[    0.000000] e820: BIOS-provided physical RAM map:
[    0.000000] BIOS-e820: [mem 0x0000000000000000-0x000000000009fbff] usable
[    0.000000] BIOS-e820: [mem 0x000000000009fc00-0x000000000009ffff] reserved
[    0.000000] BIOS-e820: [mem 0x00000000000f0000-0x00000000000fffff] reserved
[    0.000000] BIOS-e820: [mem 0x0000000000100000-0x000000003ffeffff] usable
[    0.000000] BIOS-e820: [mem 0x000000003fff0000-0x000000003fffffff] ACPI data
[    0.000000] BIOS-e820: [mem 0x00000000fec00000-0x00000000fec00fff] reserved
[    0.000000] BIOS-e820: [mem 0x00000000fee00000-0x00000000fee00fff] reserved
[    0.000000] BIOS-e820: [mem 0x00000000fffc0000-0x00000000ffffffff] reserved
[    0.000000] NX (Execute Disable) protection: active
[    0.000000] SMBIOS 2.5 present.
[    0.000000] Hypervisor detected: KVM
[    0.000000] e820: last_pfn = 0x3fff0 max_arch_pfn = 0x1000000
[    0.000000] MTRR: Disabled
[    0.000000] x86/PAT: MTRRs disabled, skipping PAT initialization too.
[    0.000000] CPU MTRRs all blank - virtualized system.
[    0.000000] x86/PAT: Configuration [0-7]: WB  WT  UC- UC  WB  WT  UC- UC  
[    0.000000] found SMP MP-table at [mem 0x0009fff0-0x0009ffff] mapped at [c009fff0]
[    0.000000] Scanning 1 areas for low memory corruption
[    0.000000] RAMDISK: [mem 0x36316000-0x37182fff]
[    0.000000] ACPI: Early table checksum verification disabled
[    0.000000] ACPI: RSDP 0x00000000000E0000 000024 (v02 VBOX  )
[    0.000000] ACPI: XSDT 0x000000003FFF0030 00003C (v01 VBOX   VBOXXSDT 00000001 ASL  00000061)
[    0.000000] ACPI: FACP 0x000000003FFF00F0 0000F4 (v04 VBOX   VBOXFACP 00000001 ASL  00000061)
[    0.000000] ACPI: DSDT 0x000000003FFF0470 0022EA (v02 VBOX   VBOXBIOS 00000002 INTL 20100528)
[    0.000000] ACPI: FACS 0x000000003FFF0200 000040
[    0.000000] ACPI: FACS 0x000000003FFF0200 000040
[    0.000000] ACPI: APIC 0x000000003FFF0240 00005C (v02 VBOX   VBOXAPIC 00000001 ASL  00000061)
[    0.000000] ACPI: SSDT 0x000000003FFF02A0 0001CC (v01 VBOX   VBOXCPUT 00000002 INTL 20100528)
[    0.000000] 131MB HIGHMEM available.
[    0.000000] 891MB LOWMEM available.
[    0.000000]   mapped low ram: 0 - 37bfe000
[    0.000000]   low ram: 0 - 37bfe000
[    0.000000] kvm-clock: Using msrs 4b564d01 and 4b564d00
[    0.000000] kvm-clock: cpu 0, msr 0:37bfd001, primary cpu clock
[    0.000000] kvm-clock: using sched offset of 4913575976 cycles
[    0.000000] clocksource: kvm-clock: mask: 0xffffffffffffffff max_cycles: 0x1cd42e4dffb, max_idle_ns: 881590591483 ns
[    0.000000] Zone ranges:
[    0.000000]   DMA      [mem 0x0000000000001000-0x0000000000ffffff]
[    0.000000]   Normal   [mem 0x0000000001000000-0x0000000037bfdfff]
[    0.000000]   HighMem  [mem 0x0000000037bfe000-0x000000003ffeffff]
[    0.000000] Movable zone start for each node
[    0.000000] Early memory node ranges
[    0.000000]   node   0: [mem 0x0000000000001000-0x000000000009efff]
[    0.000000]   node   0: [mem 0x0000000000100000-0x000000003ffeffff]
[    0.000000] Initmem setup node 0 [mem 0x0000000000001000-0x000000003ffeffff]
[    0.000000] Using APIC driver default
[    0.000000] ACPI: PM-Timer IO Port: 0x4008
[    0.000000] IOAPIC[0]: apic_id 2, version 32, address 0xfec00000, GSI 0-23
[    0.000000] ACPI: INT_SRC_OVR (bus 0 bus_irq 0 global_irq 2 dfl dfl)
[    0.000000] ACPI: INT_SRC_OVR (bus 0 bus_irq 9 global_irq 9 low level)
[    0.000000] Using ACPI (MADT) for SMP configuration information
[    0.000000] smpboot: Allowing 2 CPUs, 0 hotplug CPUs
[    0.000000] PM: Registered nosave memory: [mem 0x00000000-0x00000fff]
[    0.000000] PM: Registered nosave memory: [mem 0x0009f000-0x0009ffff]
[    0.000000] PM: Registered nosave memory: [mem 0x000a0000-0x000effff]
[    0.000000] PM: Registered nosave memory: [mem 0x000f0000-0x000fffff]
[    0.000000] e820: [mem 0x40000000-0xfebfffff] available for PCI devices
[    0.000000] Booting paravirtualized kernel on KVM
[    0.000000] clocksource: refined-jiffies: mask: 0xffffffff max_cycles: 0xffffffff, max_idle_ns: 7645519600211568 ns
[    0.000000] setup_percpu: NR_CPUS:8 nr_cpumask_bits:8 nr_cpu_ids:2 nr_node_ids:1
[    0.000000] PERCPU: Embedded 19 pages/cpu @f71b0000 s47308 r0 d30516 u77824
[    0.000000] Built 1 zonelists in Zone order, mobility grouping on.  Total pages: 259800
[    0.000000] Kernel command line: BOOT_IMAGE=/boot/vmlinuz-4.4.0-142-generic root=UUID=b4c8c166-915c-405f-98bb-70265f7415e9 ro console=tty1 console=ttyS0
[    0.000000] PID hash table entries: 4096 (order: 2, 16384 bytes)
[    0.000000] Dentry cache hash table entries: 131072 (order: 7, 524288 bytes)
[    0.000000] Inode-cache hash table entries: 65536 (order: 6, 262144 bytes)
[    0.000000] Initializing CPU#0
[    0.000000] Initializing HighMem for node 0 (00037bfe:0003fff0)
[    0.000000] Initializing Movable for node 0 (00000000:00000000)
[    0.000000] Memory: 1007996K/1048120K available (8094K kernel code, 791K rwdata, 3180K rodata, 932K init, 800K bss, 40124K reserved, 0K cma-reserved, 135112K highmem)
[    0.000000] virtual kernel memory layout:
[    0.000000]     fixmap  : 0xfff15000 - 0xfffff000   ( 936 kB)
[    0.000000]     pkmap   : 0xffc00000 - 0xffe00000   (2048 kB)
[    0.000000]     vmalloc : 0xf83fe000 - 0xffbfe000   ( 120 MB)
[    0.000000]     lowmem  : 0xc0000000 - 0xf7bfe000   ( 891 MB)
[    0.000000]       .init : 0xc1bcc000 - 0xc1cb5000   ( 932 kB)
[    0.000000]       .data : 0xc17e7e54 - 0xc1bcad40   (3979 kB)
[    0.000000]       .text : 0xc1000000 - 0xc17e7e54   (8095 kB)
[    0.000000] Checking if this processor honours the WP bit even in supervisor mode...Ok.
[    0.000000] SLUB: HWalign=64, Order=0-3, MinObjects=0, CPUs=2, Nodes=1
[    0.000000] Hierarchical RCU implementation.
[    0.000000] 	Build-time adjustment of leaf fanout to 32.
[    0.000000] 	RCU restricting CPUs from NR_CPUS=8 to nr_cpu_ids=2.
[    0.000000] RCU: Adjusting geometry for rcu_fanout_leaf=32, nr_cpu_ids=2
[    0.000000] NR_IRQS:2304 nr_irqs:440 16
[    0.000000] Console: colour VGA+ 80x25
[    0.000000] console [tty1] enabled
[    0.000000] console [ttyS0] enabled
[    0.000000] allocated 1048576 bytes of page_ext
[    0.000000] tsc: Detected 1511.999 MHz processor
[    0.524656] Calibrating delay loop (skipped) preset value.. 3023.99 BogoMIPS (lpj=6047996)
[    0.532649] pid_max: default: 32768 minimum: 301
[    0.537647] ACPI: Core revision 20150930
[    0.545644] ACPI: 2 ACPI AML tables successfully acquired and loaded
[    0.552743] Security Framework initialized
[    0.557490] Yama: becoming mindful.
[    0.561213] AppArmor: AppArmor initialized
[    0.565452] Mount-cache hash table entries: 2048 (order: 1, 8192 bytes)
[    0.569101] Mountpoint-cache hash table entries: 2048 (order: 1, 8192 bytes)
[    0.573022] Initializing cgroup subsys io
[    0.575358] Initializing cgroup subsys memory
[    0.577685] Initializing cgroup subsys devices
[    0.580068] Initializing cgroup subsys freezer
[    0.582100] Initializing cgroup subsys net_cls
[    0.584552] Initializing cgroup subsys perf_event
[    0.586870] Initializing cgroup subsys net_prio
[    0.589155] Initializing cgroup subsys hugetlb
[    0.591652] Initializing cgroup subsys pids
[    0.596872] mce: CPU supports 0 MCE banks
[    0.598603] Last level iTLB entries: 4KB 64, 2MB 8, 4MB 8
[    0.600846] Last level dTLB entries: 4KB 64, 2MB 0, 4MB 0, 1GB 4
[    0.603856] Spectre V2 : Mitigation: Full generic retpoline
[    0.606560] Spectre V2 : Spectre v2 / SpectreRSB mitigation: Filling RSB on context switch
[    0.610627] Speculative Store Bypass: Vulnerable
[    0.620631] Freeing SMP alternatives memory: 36K
[    0.635557] ftrace: allocating 31552 entries in 62 pages
[    0.792385] smpboot: APIC(0) Converting physical 0 to logical package 0
[    0.795831] smpboot: Max logical packages: 1
[    0.798363] Enabling APIC mode:  Flat.  Using 1 I/O APICs
[    0.804657] ..TIMER: vector=0x30 apic1=0 pin1=2 apic2=-1 pin2=-1
[    0.914548] smpboot: CPU0: Intel(R) Core(TM) m3-6Y30 CPU @ 0.90GHz (family: 0x6, model: 0x4e, stepping: 0x3)
[    0.921679] Performance Events: unsupported p6 CPU model 78 no PMU driver, software events only.
[    0.950045] KVM setup paravirtual spinlock
[    0.955425] x86: Booting SMP configuration:
[    0.958706] .... node  #0, CPUs:      #1
[1266874884.795975] Initializing CPU#1
[    0.963537] kvm-clock: cpu 1, msr 0:37bfd041, secondary cpu clock
[    0.970027] mce: CPU supports 0 MCE banks
[    0.973740] x86: Booted up 1 node, 2 CPUs
[    0.977048] smpboot: Total of 2 processors activated (6047.99 BogoMIPS)
[    0.981876] devtmpfs: initialized
[    0.984099] evm: security.selinux
[    0.986102] evm: security.SMACK64
[    0.988091] evm: security.SMACK64EXEC
[    0.990190] evm: security.SMACK64TRANSMUTE
[    0.992614] evm: security.SMACK64MMAP
[    0.994865] evm: security.ima
[    0.997030] evm: security.capability
[    1.000043] clocksource: jiffies: mask: 0xffffffff max_cycles: 0xffffffff, max_idle_ns: 7645041785100000 ns
[    1.005460] futex hash table entries: 512 (order: 3, 32768 bytes)
[    1.008618] pinctrl core: initialized pinctrl subsystem
[    1.011301] RTC time: 16:15:27, date: 02/25/19
[    1.013942] NET: Registered protocol family 16
[    1.016150] EISA bus registered
[    1.027680] cpuidle: using governor ladder
[    1.040438] cpuidle: using governor menu
[    1.043716] PCCT header not found.
[    1.046766] ACPI: bus type PCI registered
[    1.049883] acpiphp: ACPI Hot Plug PCI Controller Driver version: 0.5
[    1.054841] PCI : PCI BIOS area is rw and x. Use pci=nobios if you want it NX.
[    1.060193] PCI: PCI BIOS revision 2.10 entry at 0xfda26, last bus=0
[    1.064655] PCI: Using configuration type 1 for base access
[    1.082649] ACPI: Added _OSI(Module Device)
[    1.084626] ACPI: Added _OSI(Processor Device)
[    1.086666] ACPI: Added _OSI(3.0 _SCP Extensions)
[    1.090019] ACPI: Added _OSI(Processor Aggregator Device)
[    1.095414] ACPI: Executed 1 blocks of module-level executable AML code
[    1.104999] ACPI: Interpreter enabled
[    1.107754] ACPI: (supports S0 S5)
[    1.109924] ACPI: Using IOAPIC for interrupt routing
[    1.113390] PCI: Using host bridge windows from ACPI; if necessary, use "pci=nocrs" and report a bug
[    1.128413] ACPI: PCI Root Bridge [PCI0] (domain 0000 [bus 00-ff])
[    1.132721] acpi PNP0A03:00: _OSC: OS supports [ASPM ClockPM Segments MSI]
[    1.169272] acpi PNP0A03:00: _OSC: not requesting OS control; OS requires [ExtendedConfig ASPM ClockPM MSI]
[    1.174435] acpi PNP0A03:00: fail to add MMCONFIG information, can't access extended PCI configuration space under this bridge.
[    1.181138] PCI host bridge to bus 0000:00
[    1.183348] pci_bus 0000:00: root bus resource [io  0x0000-0x0cf7 window]
[    1.186189] pci_bus 0000:00: root bus resource [io  0x0d00-0xffff window]
[    1.189564] pci_bus 0000:00: root bus resource [mem 0x000a0000-0x000bffff window]
[    1.192803] pci_bus 0000:00: root bus resource [mem 0x40000000-0xfdffffff window]
[    1.197274] pci_bus 0000:00: root bus resource [bus 00-ff]
[    1.205100] pci 0000:00:01.1: legacy IDE quirk: reg 0x10: [io  0x01f0-0x01f7]
[    1.209621] pci 0000:00:01.1: legacy IDE quirk: reg 0x14: [io  0x03f6]
[    1.213263] pci 0000:00:01.1: legacy IDE quirk: reg 0x18: [io  0x0170-0x0177]
[    1.217147] pci 0000:00:01.1: legacy IDE quirk: reg 0x1c: [io  0x0376]
[    1.257542] pci 0000:00:07.0: quirk: [io  0x4000-0x403f] claimed by PIIX4 ACPI
[    1.262399] pci 0000:00:07.0: quirk: [io  0x4100-0x410f] claimed by PIIX4 SMB
[    1.279465] ACPI: PCI Interrupt Link [LNKA] (IRQs 5 9 10 *11)
[    1.285250] ACPI: PCI Interrupt Link [LNKB] (IRQs 5 9 *10 11)
[    1.290620] ACPI: PCI Interrupt Link [LNKC] (IRQs 5 *9 10 11)
[    1.295092] ACPI: PCI Interrupt Link [LNKD] (IRQs 5 9 10 *11)
[    1.298294] ACPI: Enabled 2 GPEs in block 00 to 07
[    1.301348] vgaarb: setting as boot device: PCI:0000:00:02.0
[    1.304255] vgaarb: device added: PCI:0000:00:02.0,decodes=io+mem,owns=io+mem,locks=none
[    1.308241] vgaarb: loaded
[    1.309555] vgaarb: bridge control possible 0000:00:02.0
[    1.312554] SCSI subsystem initialized
[    1.315214] ACPI: bus type USB registered
[    1.317501] usbcore: registered new interface driver usbfs
[    1.320676] usbcore: registered new interface driver hub
[    1.323808] usbcore: registered new device driver usb
[    1.327529] PCI: Using ACPI for IRQ routing
[    1.329840] NetLabel: Initializing
[    1.331553] NetLabel:  domain hash size = 128
[    1.333771] NetLabel:  protocols = UNLABELED CIPSOv4
[    1.336214] NetLabel:  unlabeled traffic allowed by default
[    1.338615] amd_nb: Cannot enumerate AMD northbridges
[    1.341463] clocksource: Switched to clocksource kvm-clock
[    1.365687] AppArmor: AppArmor Filesystem Enabled
[    1.368877] pnp: PnP ACPI init
[    1.373772] pnp: PnP ACPI: found 3 devices
[    1.376625] PnPBIOS: Disabled by ACPI PNP
[    1.435525] clocksource: acpi_pm: mask: 0xffffff max_cycles: 0xffffff, max_idle_ns: 2085701024 ns
[    1.442006] NET: Registered protocol family 2
[    1.445424] TCP established hash table entries: 8192 (order: 3, 32768 bytes)
[    1.448673] TCP bind hash table entries: 8192 (order: 4, 65536 bytes)
[    1.451277] TCP: Hash tables configured (established 8192 bind 8192)
[    1.453661] UDP hash table entries: 512 (order: 2, 16384 bytes)
[    1.456243] UDP-Lite hash table entries: 512 (order: 2, 16384 bytes)
[    1.458983] NET: Registered protocol family 1
[    1.461306] pci 0000:00:00.0: Limiting direct PCI/PCI transfers
[    1.464100] pci 0000:00:01.0: Activating ISA DMA hang workarounds
[    1.473988] Unpacking initramfs...
[    2.081596] Freeing initrd memory: 14772K
[    2.085032] platform rtc_cmos: registered platform RTC device (no PNP device found)
[    2.090628] Scanning for low memory corruption every 60 seconds
[    2.095691] audit: initializing netlink subsys (disabled)
[    2.099510] audit: type=2000 audit(1551111335.076:1): initialized
[    2.102830] Initialise system trusted keyring
[    2.106197] HugeTLB registered 2 MB page size, pre-allocated 0 pages
[    2.112152] zbud: loaded
[    2.114529] VFS: Disk quotas dquot_6.6.0
[    2.117031] VFS: Dquot-cache hash table entries: 1024 (order 0, 4096 bytes)
[    2.121920] squashfs: version 4.0 (2009/01/31) Phillip Lougher
[    2.126590] fuse init (API version 7.23)
[    2.130295] Key type big_key registered
[    2.133298] Allocating IMA MOK and blacklist keyrings.
[    2.142767] Key type asymmetric registered
[    2.145959] Asymmetric key parser 'x509' registered
[    2.149434] bounce: pool size: 64 pages
[    2.152449] Block layer SCSI generic (bsg) driver version 0.4 loaded (major 249)
[    2.157757] io scheduler noop registered
[    2.160646] io scheduler deadline registered (default)
[    2.164302] io scheduler cfq registered
[    2.167372] pci_hotplug: PCI Hot Plug PCI Core version: 0.5
[    2.170309] pciehp: PCI Express Hot Plug Controller Driver version: 0.4
[    2.173862] ACPI: AC Adapter [AC] (off-line)
[    2.176722] input: Power Button as /devices/LNXSYSTM:00/LNXPWRBN:00/input/input0
[    2.182133] ACPI: Power Button [PWRF]
[    2.184322] input: Sleep Button as /devices/LNXSYSTM:00/LNXSLPBN:00/input/input1
[    2.188441] ACPI: Sleep Button [SLPF]
[    2.190550] GHES: HEST is not enabled!
[    2.192138] ACPI: Battery Slot [BAT0] (battery present)
[    2.195131] isapnp: Scanning for PnP cards...
[    2.202792] Serial: 8250/16550 driver, 32 ports, IRQ sharing enabled
 	
 !"#$%&'()*+,-./0123456789:;<=>?@ABCDEFGHIJKLMNOPQRSTUVWXYZ[\]^_`abcdefghijklmnopqrstuvwxyz{|}~ÄÅÇÉÑÖÜáàâäãåçéèêëíìîïñóòôöõúùûü†°¢£§•¶ß®©™´¨≠ÆØ∞±≤≥¥µ∂∑∏π∫ªºΩæø¿¡¬√ƒ≈∆«»… ÀÃÕŒœ–—“”‘’÷◊ÿŸ⁄€‹›ﬁﬂ‡·‚„‰ÂÊÁËÈÍÎÏÌÓÔÒÚÛÙıˆ˜¯˘˙˚¸˝˛ˇ[    2.234291] 00:02: ttyS0 at I/O 0x3f8 (irq = 4, base_baud = 115200) is a 16550A
[    2.240214] Linux agpgart interface v0.103
[    2.247052] loop: module loaded
[    2.250474] scsi host0: ata_piix
[    2.252549] scsi host1: ata_piix
[    2.254594] ata1: PATA max UDMA/33 cmd 0x1f0 ctl 0x3f6 bmdma 0xd000 irq 14
[    2.257468] ata2: PATA max UDMA/33 cmd 0x170 ctl 0x376 bmdma 0xd008 irq 15
[    2.261729] libphy: Fixed MDIO Bus: probed
[    2.263868] tun: Universal TUN/TAP device driver, 1.6
[    2.266405] tun: (C) 1999-2004 Max Krasnyansky <maxk@qualcomm.com>
[    2.269427] PPP generic driver version 2.4.2
[    2.271978] ehci_hcd: USB 2.0 'Enhanced' Host Controller (EHCI) Driver
[    2.275400] ehci-pci: EHCI PCI platform driver
[    2.277993] ehci-platform: EHCI generic platform driver
[    2.280493] ohci_hcd: USB 1.1 'Open' Host Controller (OHCI) Driver
[    2.283989] ohci-pci: OHCI PCI platform driver
[    2.286725] ohci-platform: OHCI generic platform driver
[    2.289954] uhci_hcd: USB Universal Host Controller Interface driver
[    2.294112] i8042: PNP: PS/2 Controller [PNP0303:PS2K,PNP0f03:PS2M] at 0x60,0x64 irq 1,12
[    2.299323] serio: i8042 KBD port at 0x60,0x64 irq 1
[    2.301553] serio: i8042 AUX port at 0x60,0x64 irq 12
[    2.304160] mousedev: PS/2 mouse device common for all mice
[    2.307962] rtc_cmos rtc_cmos: rtc core: registered rtc_cmos as rtc0
[    2.311256] input: AT Translated Set 2 keyboard as /devices/platform/i8042/serio0/input/input2
[    2.315066] rtc_cmos rtc_cmos: alarms up to one day, 114 bytes nvram
[    2.318227] i2c /dev entries driver
[    2.319911] device-mapper: uevent: version 1.0.3
[    2.321978] device-mapper: ioctl: 4.34.0-ioctl (2015-10-28) initialised: dm-devel@redhat.com
[    2.325518] platform eisa.0: Probing EISA bus 0
[    2.328432] platform eisa.0: EISA: Cannot allocate resource for mainboard
[    2.331488] platform eisa.0: Cannot allocate resource for EISA slot 1
[    2.335260] platform eisa.0: Cannot allocate resource for EISA slot 2
[    2.338252] platform eisa.0: Cannot allocate resource for EISA slot 3
[    2.341344] platform eisa.0: Cannot allocate resource for EISA slot 4
[    2.344538] platform eisa.0: Cannot allocate resource for EISA slot 5
[    2.347797] platform eisa.0: Cannot allocate resource for EISA slot 6
[    2.350966] platform eisa.0: Cannot allocate resource for EISA slot 7
[    2.353934] platform eisa.0: Cannot allocate resource for EISA slot 8
[    2.356961] platform eisa.0: EISA: Detected 0 cards
[    2.359317] cpufreq-nforce2: No nForce2 chipset.
[    2.361749] ledtrig-cpu: registered to indicate activity on CPUs
[    2.365384] NET: Registered protocol family 10
[    2.368572] NET: Registered protocol family 17
[    2.371076] Key type dns_resolver registered
[    2.374135] Using IPI No-Shortcut mode
[    2.376753] registered taskstats version 1
[    2.379079] Loading compiled-in X.509 certificates
[    2.387372] Loaded X.509 cert 'Build time autogenerated kernel key: 24992bd15110f060e21faeb1eb50ca0e07d956c4'
[    2.393047] zswap: loaded using pool lzo/zbud
[    2.399199] Key type trusted registered
[    2.407025] Key type encrypted registered
[    2.408974] AppArmor: AppArmor sha1 policy hashing enabled
[    2.411526] ima: No TPM chip found, activating TPM-bypass!
[    2.414059] ima: Allocated hash algorithm: sha1
[    2.416357] evm: HMAC attrs: 0x1
[    2.418469]   Magic number: 7:271:288
[    2.420477] tty tty21: hash matches
[    2.422799] acpi PNP0400:01: hash matches
[    2.425383] rtc_cmos rtc_cmos: setting system clock to 2019-02-25 16:15:29 UTC (1551111329)
[    2.430671] BIOS EDD facility v0.16 2004-Jun-25, 0 devices found
[    2.433600] EDD information not available.
[    2.566567] isapnp: No Plug & Play device found
[    2.570153] Freeing unused kernel memory: 932K
[    3.034376] Write protecting the kernel text: 8096k
[    3.037149] Write protecting the kernel read-only data: 3188k
[    3.040886] NX-protecting the kernel data: 6240k
Loading, please wait...
[    3.081547] tsc: Refined TSC clocksource calibration: 1511.619 MHz
[    3.085239] clocksource: tsc: mask: 0xffffffffffffffff max_cycles: 0x15ca02ad0c5, max_idle_ns: 440795225443 ns
starting version 229
[    3.093743] random: systemd-udevd: uninitialized urandom read (16 bytes read, 4 bits of entropy available)
[    3.095696] random: udevadm: uninitialized urandom read (16 bytes read, 4 bits of entropy available)
[    3.105236] random: systemd-udevd: uninitialized urandom read (16 bytes read, 4 bits of entropy available)
[    3.110984] random: systemd-udevd: uninitialized urandom read (16 bytes read, 4 bits of entropy available)
[    3.127320] random: udevadm: uninitialized urandom read (16 bytes read, 4 bits of entropy available)
[    3.130796] random: systemd-udevd: uninitialized urandom read (16 bytes read, 4 bits of entropy available)
[    3.169751] random: udevadm: uninitialized urandom read (16 bytes read, 4 bits of entropy available)
[    3.175008] random: udevadm: uninitialized urandom read (16 bytes read, 4 bits of entropy available)
[    3.179889] random: udevadm: uninitialized urandom read (16 bytes read, 4 bits of entropy available)
[    3.185226] random: udevadm: uninitialized urandom read (16 bytes read, 4 bits of entropy available)
[    3.264305] e1000: Intel(R) PRO/1000 Network Driver - version 7.3.21-k8-NAPI
[    3.268048] e1000: Copyright (c) 1999-2006 Intel Corporation.
[    3.282026] Fusion MPT base driver 3.04.20
[    3.284501] Copyright (c) 1999-2008 LSI Corporation
[    3.397931] Fusion MPT SPI Host driver 3.04.20
[    3.504328] input: ImExPS/2 Generic Explorer Mouse as /devices/platform/i8042/serio1/input/input4
[    3.885318] e1000 0000:00:03.0 eth0: (PCI:33MHz:32-bit) 02:bc:1f:be:e4:04
[    3.889766] e1000 0000:00:03.0 eth0: Intel(R) PRO/1000 Network Connection
[    3.895995] mptbase: ioc0: Initiating bringup
[    3.897802] e1000 0000:00:03.0 enp0s3: renamed from eth0
[    3.962311] ioc0: LSI53C1030 A0: Capabilities={Initiator}
[    4.130657] scsi host2: ioc0: LSI53C1030 A0, FwRev=00000000h, Ports=1, MaxQ=256, IRQ=20
[    4.932205] scsi 2:0:0:0: Direct-Access     VBOX     HARDDISK         1.0  PQ: 0 ANSI: 5
[    4.937951] scsi target2:0:0: Beginning Domain Validation
[    4.946740] scsi target2:0:0: Domain Validation skipping write tests
[    4.949397] scsi target2:0:0: Ending Domain Validation
[    4.952160] scsi target2:0:0: asynchronous
[    4.955922] scsi 2:0:1:0: Direct-Access     VBOX     HARDDISK         1.0  PQ: 0 ANSI: 5
[    4.960603] scsi target2:0:1: Beginning Domain Validation
[    4.966818] scsi target2:0:1: Domain Validation skipping write tests
[    4.969323] scsi target2:0:1: Ending Domain Validation
[    4.971527] scsi target2:0:1: asynchronous
[    4.996703] sd 2:0:0:0: Attached scsi generic sg0 type 0
[    4.999480] sd 2:0:0:0: [sda] 20971520 512-byte logical blocks: (10.7 GB/10.0 GiB)
[    5.004905] sd 2:0:0:0: [sda] Write Protect is off
[    5.008070] sd 2:0:1:0: [sdb] 20480 512-byte logical blocks: (10.5 MB/10.0 MiB)
[    5.008244] sd 2:0:1:0: Attached scsi generic sg1 type 0
[    5.015020] sd 2:0:0:0: [sda] Incomplete mode parameter data
[    5.015288] sd 2:0:1:0: [sdb] Write Protect is off
[    5.015523] sd 2:0:1:0: [sdb] Incomplete mode parameter data
[    5.015526] sd 2:0:1:0: [sdb] Assuming drive cache: write through
[    5.024843] sd 2:0:0:0: [sda] Assuming drive cache: write through
[    5.030985]  sda: sda1
[    5.031176] sd 2:0:1:0: [sdb] Attached SCSI disk
[    5.037354] sd 2:0:0:0: [sda] Attached SCSI disk
Begin: Loading essential drivers ... [    7.093971] md: linear personality registered for level -1
[    7.108323] md: multipath personality registered for level -4
[    7.122333] md: raid0 personality registered for level 0
[    7.142382] md: raid1 personality registered for level 1
[    7.233959] raid6: mmxx1    gen()  2373 MB/s
[    7.302263] raid6: mmxx2    gen()  2362 MB/s
[    7.369596] raid6: sse1x1   gen()  1940 MB/s
[    7.437876] raid6: sse1x2   gen()  2336 MB/s
[    7.506200] raid6: sse2x1   gen()  3855 MB/s
[    7.573607] raid6: sse2x1   xor()  2978 MB/s
[    7.641859] raid6: sse2x2   gen()  5519 MB/s
[    7.710171] raid6: sse2x2   xor()  4159 MB/s
[    7.777652] raid6: avx2x1   gen()  9889 MB/s
[    7.845928] raid6: avx2x2   gen()  9429 MB/s
[    7.848211] raid6: using algorithm avx2x1 gen() 9889 MB/s
[    7.851044] raid6: using avx2x1 recovery algorithm
[    7.860349] xor: automatically using best checksumming function:
[    7.902035]    avx       : 12579.000 MB/sec
[    7.912298] async_tx: api initialized (async)
[    7.971910] md: raid6 personality registered for level 6
[    7.975929] md: raid5 personality registered for level 5
[    7.979617] md: raid4 personality registered for level 4
[    8.010788] md: raid10 personality registered for level 10
done.
Begin: Running /scripts/init-premount ... done.
Begin: Mounting root file system ... Begin: Running /scripts/local-top ... done.
Begin: Running /scripts/local-premount ... [    8.129277] Btrfs loaded
Scanning for Btrfs filesystems
done.
Warning: fsck not present, so skipping root file system
[    8.184510] EXT4-fs (sda1): INFO: recovery required on readonly filesystem
[    8.187955] EXT4-fs (sda1): write access will be enabled during recovery
[    8.514002] EXT4-fs (sda1): recovery complete
[    8.517140] EXT4-fs (sda1): mounted filesystem with ordered data mode. Opts: (null)
done.
Begin: Running /scripts/local-bottom ... done.
Begin: Running /scripts/init-bottom ... done.
[    8.775339] systemd[1]: systemd 229 running in system mode. (+PAM +AUDIT +SELINUX +IMA +APPARMOR +SMACK +SYSVINIT +UTMP +LIBCRYPTSETUP +GCRYPT +GNUTLS +ACL +XZ -LZ4 +SECCOMP +BLKID +ELFUTILS +KMOD -IDN)
[    8.788729] systemd[1]: Detected virtualization oracle.
[    8.792496] systemd[1]: Detected architecture x86.

Welcome to [1mUbuntu 16.04.5 LTS[0m!

[    8.799219] systemd[1]: Set hostname to <ubuntu-xenial>.
[    9.089857] systemd[1]: Reached target System Time Synchronized.
[[0;32m  OK  [0m] Reached target System Time Synchronized.
[    9.095353] systemd[1]: Started Forward Password Requests to Wall Directory Watch.
[[0;32m  OK  [0m] Started Forward Password Requests to Wall Directory Watch.
[    9.102673] systemd[1]: Listening on LVM2 poll daemon socket.
[[0;32m  OK  [0m] Listening on LVM2 poll daemon socket.
[    9.108280] systemd[1]: Listening on Journal Socket.
[[0;32m  OK  [0m] Listening on Journal Socket.
[    9.118867] systemd[1]: Listening on Journal Socket (/dev/log).
[[0;32m  OK  [0m] Listening on Journal Socket (/dev/log).
[    9.125517] systemd[1]: Reached target Encrypted Volumes.
[[0;32m  OK  [0m] Reached target Encrypted Volumes.
[    9.131555] systemd[1]: Listening on /dev/initctl Compatibility Named Pipe.
[[0;32m  OK  [0m] Listening on /dev/initctl Compatibility Named Pipe.
[    9.146875] systemd[1]: Created slice User and Session Slice.
[[0;32m  OK  [0m] Created slice User and Session Slice.
[    9.152773] systemd[1]: Listening on LVM2 metadata daemon socket.
[[0;32m  OK  [0m] Listening on LVM2 metadata daemon socket.
[    9.159742] systemd[1]: Set up automount Arbitrary Executable File Formats File System Automount Point.
[[0;32m  OK  [0m] Set up automount Arbitrary Executab...ats File System Automount Point.
[    9.168863] systemd[1]: Reached target User and Group Name Lookups.
[[0;32m  OK  [0m] Reached target User and Group Name Lookups.
[    9.175129] systemd[1]: Listening on udev Kernel Socket.
[[0;32m  OK  [0m] Listening on udev Kernel Socket.
[    9.180801] systemd[1]: Created slice System Slice.
[[0;32m  OK  [0m] Created slice System Slice.
[    9.197741] systemd[1]: Mounting Huge Pages File System...
         Mounting Huge Pages File System...
[    9.204958] systemd[1]: Starting Set console keymap...
         Starting Set console keymap...
[    9.211207] random: nonblocking pool is initialized
[    9.217502] systemd[1]: Starting Create list of required static device nodes for the current kernel...
         Starting Create list of required st... nodes for the current kernel...
[    9.229818] systemd[1]: Mounting POSIX Message Queue File System...
         Mounting POSIX Message Queue File System...
[    9.254404] systemd[1]: Created slice system-serial\x2dgetty.slice.
[[0;32m  OK  [0m] Created slice system-serial\x2dgetty.slice.
[    9.282372] systemd[1]: Starting Uncomplicated firewall...
         Starting Uncomplicated firewall...
[    9.290668] systemd[1]: Reached target Swap.
[[0;32m  OK  [0m] Reached target Swap.
[    9.296852] systemd[1]: Listening on Device-mapper event daemon FIFOs.
[[0;32m  OK  [0m] Listening on Device-mapper event daemon FIFOs.
[    9.307572] systemd[1]: Starting Monitoring of LVM2 mirrors, snapshots etc. using dmeventd or progress polling...
         Starting Monitoring of LVM2 mirrors... dmeventd or progress polling...
[    9.319710] systemd[1]: Listening on Syslog Socket.
[[0;32m  OK  [0m] Listening on Syslog Socket.
[    9.325078] systemd[1]: Listening on udev Control Socket.
[[0;32m  OK  [0m] Listening on udev Control Socket.
[    9.349876] systemd[1]: Starting Remount Root and Kernel File Systems...
         Starting Remount Root and Kernel File Systems...
[    9.359193] systemd[1]: Listening on Journal Audit Socket.
    9.362641] EXT4-fs (sda1): re-mounted. Opts: (null)
[[0;32m  OK  [0m] Listening on Journal Audit Socket.
[    9.367538] systemd[1]: Starting Journal Service...
         Starting Journal Service...
[    9.382615] systemd[1]: Starting Load Kernel Modules...
         Starting Load Kernel Modules...
[    9.389030] systemd[1]: Mounting Debug File System...
         Mounting Debug File System...
[    9.409406] systemd[1]: Starting Nameserver information manager...
         Starting Nameserver information manager...
[    9.415301] systemd[1]: Reached target Slices.
[[0;32m  OK  [0m] Reached target Slices.
[    9.420179] systemd[1]: Started Trigger resolvconf update for networkd DNS.
[[0;32m  OK  [0m] Started Trigger resolvconf update for networkd DNS.
[    9.428817] systemd[1]: Mounted Huge Pages File System.
[[    9.439778] Loading iSCSI transport class v2.0-870.
[0;32m  OK  [0m] Mounted Huge Pages File System.
[    9.447195] systemd[1]: Mounted POSIX Message Queue File System.
[[0;32m  OK  [0m] Mounted POSIX Message Queue File System.
[    9.453813] systemd[1]: Mounted Debug File System.
[[0;32m  OK  [0m] Mounted Debug File System.
[    9.459481] systemd[1]: Started Create list of required static device nodes for the current kernel.
[[0;32m  OK  [0m] Started Create list of required sta...ce nodes for the current kernel.
[    9.470929] systemd[1]: Started Uncomplicated firewall.
[[0;32m  OK  [0m] Started Uncomplicated firewall.
[    9.478720] systemd[1]: Started Remount Root and Kernel File Systems.
[[0;32m  OK  [0m] Started Remount Root and Kernel File Systems.
[    9.503071] systemd[1]: Started Set console keymap.
[    9.505751] iscsi: registered transport (tcp)
[[0;32m  OK  [0m] Started Set console keymap.
[    9.521911] systemd[1]: Started Nameserver information manager.
[[0;32m  OK  [0m] Started Nameserver information manager.
[    9.528930] systemd[1]: Started Journal Service.
[[0;32m  OK  [0m] Started Journal Service.
[    9.624298] iscsi: registered transport (iser)
[[0;32m  OK  [0m] Started Load Kernel Modules.
         Mounting FUSE Control File System...
         Starting Apply Kernel Variables...
[[0;32m  OK  [0m] Started LVM2 metadata daemon.
         Starting Load/Save Random Seed...
         Starting Flush Journal to Persistent Storage...
         Starting udev Coldplug all Devices...
         Starting Create Static Device Nodes in /dev...
[[0;32m  OK  [0m] Mounted FUSE Control File System.
[[0;32m  OK  [0m] Started Apply Kernel Variables.
[[0;32m  OK  [0m] Started Load/Save Random Seed.
[[0;32m  OK  [0m] Started Create Static Device Nodes in /dev.
[[0;32m  OK  [0m] Started udev Coldplug all Devices.
[[0;32m  OK  [0m] Started Flush Journal to Persistent Storage.
         Starting udev Kernel Device Manager...
[[0;32m  OK  [0m] Started udev Kernel Device Manager.
[[0;32m  OK  [0m] Started Dispatch Password Requests to Console Directory Watch.
[[0;32m  OK  [0m] Started Monitoring of LVM2 mirrors,...ng dmeventd or progress polling.
[[0;32m  OK  [0m] Reached target Local File Systems (Pre).
[[0;32m  OK  [0m] Reached target Local File Systems.
         Starting Initial cloud-init job (pre-networking)...
         Starting Set console font and keymap...
         Starting LSB: AppArmor initialization...
         Starting Tell Plymouth To Write Out Runtime Data...
         Starting Create Volatile Files and Directories...
[[0;32m  OK  [0m] Started Tell Plymouth To Write Out Runtime Data.
[[0;32m  OK  [0m] Started Create Volatile Files and Directories.
[[0;32m  OK  [0m] Found device /dev/ttyS0.
         Starting Update UTMP about System Boot/Shutdown...
[[0;32m  OK  [0m] Started Update UTMP about System Boot/Shutdown.
[[0;32m  OK  [0m] Listening on Load/Save RF Kill Switch Status /dev/rfkill Watch.
[[0;32m  OK  [0m] Started LSB: AppArmor initialization.
[[0;32m  OK  [0m] Found device 82540EM Gigabit Ethern...r (PRO/1000 MT Desktop Adapter).
[   12.158737] cloud-init[497]: Cloud-init v. 18.4-0ubuntu1~16.04.2 running 'init-local' at Mon, 25 Feb 2019 16:15:39 +0000. Up 11.38 seconds.
[[0;32m  OK  [0m] Started Initial cloud-init job (pre-networking).
[[0;32m  OK  [0m] Started Set console font and keymap.
[[0;32m  OK  [0m] Created slice system-getty.slice.
[[0;32m  OK  [0m] Reached target Network (Pre).
         Starting Raise network interfaces...
[[0;32m  OK  [0m] Started ifup for enp0s3.
[[0;32m  OK  [0m] Started Raise network interfaces.
[[0;32m  OK  [0m] Reached target Network.
         Starting Initial cloud-init job (metadata service crawler)...
[   14.928693] cloud-init[967]: Cloud-init v. 18.4-0ubuntu1~16.04.2 running 'init' at Mon, 25 Feb 2019 16:15:41 +0000. Up 14.02 seconds.
[   14.932237] cloud-init[967]: ci-info: ++++++++++++++++++++++++++++++++++++++Net device info++++++++++++++++++++++++++++++++++++++
[   14.935581] cloud-init[967]: ci-info: +--------+------+----------------------------+---------------+--------+-------------------+
[   14.938712] cloud-init[967]: ci-info: | Device |  Up  |          Address           |      Mask     | Scope  |     Hw-Address    |
[   14.941788] cloud-init[967]: ci-info: +--------+------+----------------------------+---------------+--------+-------------------+
[   14.945396] cloud-init[967]: ci-info: | enp0s3 | True |         10.0.2.15          | 255.255.255.0 | global | 02:bc:1f:be:e4:04 |
[   14.949689] cloud-init[967]: ci-info: | enp0s3 | True | fe80::bc:1fff:febe:e404/64 |       .       |  link  | 02:bc:1f:be:e4:04 |
[   14.953671] cloud-init[967]: ci-info: |   lo   | True |         127.0.0.1          |   255.0.0.0   |  host  |         .         |
[   14.957274] cloud-init[967]: ci-info: |   lo   | True |          ::1/128           |       .       |  host  |         .         |
[   14.960840] cloud-init[967]: ci-info: +--------+------+----------------------------+---------------+--------+-------------------+
[   14.965596] cloud-init[967]: ci-info: +++++++++++++++++++++++++++Route IPv4 info++++++++++++++++++++++++++++
[   14.977744] cloud-init[967]: ci-info: +-------+-------------+----------+---------------+-----------+-------+
[   14.982345] cloud-init[967]: ci-info: | Route | Destination | Gateway  |    Genmask    | Interface | Flags |
[   14.987148] cloud-init[967]: ci-info: +-------+-------------+----------+---------------+-----------+-------+
[   14.993141] cloud-init[967]: ci-info: |   0   |   0.0.0.0   | 10.0.2.2 |    0.0.0.0    |   enp0s3  |   UG  |
[   15.001248] cloud-init[967]: ci-info: |   1   |   10.0.2.0  | 0.0.0.0  | 255.255.255.0 |   enp0s3  |   U   |
[   15.013249] cloud-init[967]: ci-info: +-------+-------------+----------+---------------+-----------+-------+
[   15.017288] cloud-init[967]: ci-info: +++++++++++++++++++Route IPv6 info+++++++++++++++++++
[   15.025137] cloud-init[967]: ci-info: +-------+-------------+---------+-----------+-------+
[   15.028765] cloud-init[967]: ci-info: | Route | Destination | Gateway | Interface | Flags |
[   15.031336] cloud-init[967]: ci-info: +-------+-------------+---------+-----------+-------+
[   15.034158] cloud-init[967]: ci-info: |   0   |  fe80::/64  |    ::   |   enp0s3  |   U   |
[   15.037640] cloud-init[967]: ci-info: |   4   |   ff00::/8  |    ::   |   enp0s3  |   U   |
[   15.041426] cloud-init[967]: ci-info: +-------+-------------+---------+-----------+-------+
[[0;32m  OK  [0m] Started Initial cloud-init job (metadata service crawler).
[[0;32m  OK  [0m] Reached target System Initialization.
[[0;32m  OK  [0m] Started Daily Cleanup of Temporary Directories.
         Starting Socket activation for snappy daemon.
[[0;32m  OK  [0m] Listening on ACPID Listen Socket.
         Starting LXD - unix socket.
[[0;32m  OK  [0m] Listening on UUID daemon activation socket.
[[0;32m  OK  [0m] Started ACPI Events Check.
[[0;32m  OK  [0m] Reached target Paths.
[[0;32m  OK  [0m] Started Daily apt download activities.
[[0;32m  OK  [0m] Listening on D-Bus System Message Bus Socket.
[[0;32m  OK  [0m] Started Daily apt upgrade and clean activities.
[[0;32m  OK  [0m] Reached target Timers.
[[0;32m  OK  [0m] Reached target Network is Online.
         Starting iSCSI initiator daemon (iscsid)...
[[0;32m  OK  [0m] Reached target Cloud-config availability.
[[0;32m  OK  [0m] Listening on Socket activation for snappy daemon.
[[0;32m  OK  [0m] Listening on LXD - unix socket.
[[0;32m  OK  [0m] Started iSCSI initiator daemon (iscsid).
         Starting Login to default iSCSI targets...
[[0;32m  OK  [0m] Reached target Sockets.
[[0;32m  OK  [0m] Reached target Basic System.
         Starting LXD - container startup/shutdown...
         Starting LSB: Record successful boot for GRUB...
         Starting Login Service...
[[0;32m  OK  [0m] Started ACPI event daemon.
         Starting Virtualbox guest utils...
         Starting System Logging Service...
[[0;32m  OK  [0m] Started Unattended Upgrades Shutdown.
         Starting /etc/rc.local Compatibility...
[[0;32m  OK  [0m] Started Regular background program processing daemon.
[[0;32m  OK  [0m] Started FUSE filesystem for LXC.
         Starting OpenBSD Secure Shell server...
[[0;32m  OK  [0m] Started D-Bus System Message Bus.
         Starting LSB: MD monitoring daemon...
[[0;32m  OK  [0m] Started Deferred execution scheduler.
         Starting Accounts Service...
         Starting Snappy daemon...
[[0;32m  OK  [0m] Started System Logging Service.
[[0;32m  OK  [0m] Started /etc/rc.local Compatibility.
[[0;32m  OK  [0m] Started LXD - container startup/shutdown.
[[0;32m  OK  [0m] Started OpenBSD Secure Shell server.
[[0;32m  OK  [0m] Started Login to default iSCSI targets.
[[0;32m  OK  [0m] Started LSB: Record successful boot for GRUB.
[[0;32m  OK  [0m] Started Snappy daemon.
[[0;32m  OK  [0m] Started LSB: MD monitoring daemon.
[[0;32m  OK  [0m] Started Virtualbox guest utils.
[[0;32m  OK  [0m] Started Login Service.
         Starting Authenticate and Authorize Users to Run Privileged Tasks...
         Starting Wait until snapd is fully seeded...
[[0;32m  OK  [0m] Reached target Remote File Systems (Pre).
[[0;32m  OK  [0m] Reached target Remote File Systems.
         Starting LSB: daemon to balance interrupts for SMP systems...
         Starting Permit User Sessions...
         Starting LSB: automatic crash report generation...
         Starting LSB: Set the CPU Frequency Scaling governor to "ondemand"...
[[0;32m  OK  [0m] Started Permit User Sessions.
[[0;32m  OK  [0m] Started Wait until snapd is fully seeded.
[[0;32m  OK  [0m] Started Authenticate and Authorize Users to Run Privileged Tasks.
[[0;32m  OK  [0m] Started Accounts Service.
         Starting Apply the settings specified in cloud-config...
         Starting Terminate Plymouth Boot Screen...
         Starting Hold until boot process finishes up...
[[0;32m  OK  [0m] Started LSB: daemon to balance interrupts for SMP systems.
[[0;32m  OK  [0m] Started LSB: automatic crash report generation.
[[0;32m  OK  [0m] Started LSB: Set the CPU Frequency Scaling governor to "ondemand".
[[0;32m  OK  [0m] Started Terminate Plymouth Boot Screen.
[[0;32m  OK  [0m] Started Hold until boot process finishes up.
[[0;32m  OK  [0m] Started Serial Getty on ttyS0.
[[0;32m  OK  [0m] Started Getty on tty1.
[[0;32m  OK  [0m] Reached target Login Prompts.
         Starting Set console scheme...
[[0;32m  OK  [0m] Reached target Multi-User System.
[[0;32m  OK  [0m] Reached target Graphical Interface.
         Starting Update UTMP about System Runlevel Changes...
[[0;32m  OK  [0m] Started Set console scheme.
[[0;32m  OK  [0m] Started Update UTMP about System Runlevel Changes.
[   18.055440] cloud-init[1189]: Cloud-init v. 18.4-0ubuntu1~16.04.2 running 'modules:config' at Mon, 25 Feb 2019 16:15:45 +0000. Up 17.69 seconds.
[[0;32m  OK  [0m] Started Apply the settings specified in cloud-config.
         Starting Execute cloud user/final scripts...
[   19.741553] cloud-init[1228]: Cloud-init v. 18.4-0ubuntu1~16.04.2 running 'modules:final' at Mon, 25 Feb 2019 16:15:47 +0000. Up 19.42 seconds.
[   19.745674] cloud-init[1228]: Cloud-init v. 18.4-0ubuntu1~16.04.2 finished at Mon, 25 Feb 2019 16:15:47 +0000. Datasource DataSourceNoCloud [seed=/dev/sdb][dsmode=net].  Up 19.72 seconds
[[0;32m  OK  [0m] Started Execute cloud user/final scripts.
[[0;32m  OK  [0m] Reached target Cloud-init target.

Ubuntu 16.04.5 LTS ubuntu-xenial ttyS0

ubuntu-xenial login: 